TESTNAME is sqlpj00005
sqlpj status is 0
update count=0
update count=0
update count=0
update count=0
update count=0
update count=0
update count=0
update count=0
update count=0
update count=0
update count=0
update count=0
update count=0
update count=0
update count=0
update count=0
update count=0
update count=0
update count=0
update count=0
update count=0
