TESTNAME is sqlpj00001
MKDIR STATUS is 0
Creating ../bld/tst/sqltestdb.props
IGNORE JDBC_CLASSPATH=/Users/russt/proj/rttl/devtools/tl/src/cmn/sqlpj/regress/drivers/db-derby-10.1.1.0.jar
JDBC_DRIVER_CLASS=org.apache.derby.jdbc.EmbeddedDriver
JDBC_URL=jdbc:derby:derbydb;create=true
JDBC_USER=inf
JDBC_PASSWORD=changeme
