TESTNAME is sqlpj00001
MKDIR STATUS is 0
IGNORE Creating /Users/russt/proj/rttl/devtools/tl/src/cmn/sqlpj/bld/tst/sqltestdb.props
IGNORE JDBC_CLASSPATH=/Users/russt/proj/rttl/devtools/tl/src/cmn/sqlpj/regress/drivers/db-derby-10.9.1.0-bin/lib/derby.jar
JDBC_DRIVER_CLASS=org.apache.derby.jdbc.EmbeddedDriver
JDBC_URL=jdbc:derby:testDB;create=true
JDBC_USER=test
JDBC_PASSWORD=test
